[mcbeki.com/index.html]
[backblue.gif]
[fade.gif]
[index.html]
[mcbeki.com/favicon.ico]
[mcbeki.com/main/style.css]
[mcbeki.com/backend/css/feather.css]
[mcbeki.com/main/img/core-img/logo.png]
[mcbeki.com/about-me.html]
[mcbeki.com/services.html]
[mcbeki.com/portfolio.html]
[mcbeki.com/contact.html]
[mcbeki.com/upload/banners/1543077040.jpg]
[mcbeki.com/upload/banners/1543077324.jpg]
[mcbeki.com/upload/banners/1543076947.jpg]
[mcbeki.com/single/19.html]
[mcbeki.com/upload/portfolio/Strongboe Apple cider (Nigerian Breweries)/cover/1543074816.jpg]
[mcbeki.com/single/22.html]
[mcbeki.com/upload/portfolio/The Audition Africa/cover/1548627372.jpg]
[mcbeki.com/single/24.html]
[mcbeki.com/upload/portfolio/Grand Cornflakes/cover/1543178151.jpg]
[mcbeki.com/single/26.html]
[mcbeki.com/upload/portfolio/IDENTITY/cover/1543246629.jpg]
[mcbeki.com/single/29.html]
[mcbeki.com/upload/portfolio/Jolie/cover/1543403231.png]
[mcbeki.com/single/30.html]
[mcbeki.com/upload/portfolio/You Belong Here/cover/1543404043.jpg]
[mcbeki.com/single/31.html]
[mcbeki.com/upload/portfolio/Robinson Souttar/cover/1543406734.png]
[mcbeki.com/single/33.html]
[mcbeki.com/upload/portfolio/MTN Ad/cover/1546975089.jpg]
[mcbeki.com/upload/clients/1547114043.png]
[mcbeki.com/upload/clients/1547113782.png]
[mcbeki.com/upload/clients/1543079884.jpg]
[mcbeki.com/upload/clients/1543079906.jpg]
[mcbeki.com/upload/clients/1543079789.jpg]
[mcbeki.com/main/js/jquery/jquery-2.2.4.min.js]
[mcbeki.com/main/js/popper.min.js]
[mcbeki.com/main/js/bootstrap.min.js]
[mcbeki.com/main/js/plugins.js]
[mcbeki.com/main/js/active.js]
[cdnjs.cloudflare.com/ajax/libs/slick-carousel/1.6.0/slick.js]
[mcbeki.com/index.html]
[mcbeki.com/main/css/bootstrap.min.css]
[mcbeki.com/main/css/animate.css]
[mcbeki.com/main/css/owl.carousel.css]
[mcbeki.com/main/css/magnific-popup.css]
[mcbeki.com/main/css/font-awesome.min.css]
[mcbeki.com/main/css/themify-icons.css]
[mcbeki.com/main/style.css]
[mcbeki.com/backend/fonts/feather6cfa.eot]
[mcbeki.com/backend/fonts/feather6cfa.woff]
[mcbeki.com/backend/fonts/feather6cfa.ttf]
[mcbeki.com/backend/css/feather.css]
[mcbeki.com/upload/bcrumbs/1547117715.png]
[mcbeki.com/upload/abouts/1547114260.png]
[mcbeki.com/upload/teams/1547112895.jpg]
[mcbeki.com/upload/teams/1547113042.jpg]
[mcbeki.com/upload/teams/1547113088.jpg]
[mcbeki.com/upload/teams/1543078635.jpg]
[mcbeki.com/upload/teams/1547113166.png]
[mcbeki.com/upload/teams/1547116132.jpg]
[mcbeki.com/about-me.html]
[mcbeki.com/upload/bcrumbs/1543506811.jpg]
[mcbeki.com/upload/services/1543502201.png]
[mcbeki.com/upload/services/1543865158.png]
[mcbeki.com/upload/services/1543865244.png]
[mcbeki.com/upload/services/1543866392.png]
[mcbeki.com/services.html]
[mcbeki.com/upload/bcrumbs/1547117441.jpg]
[mcbeki.com/portfolio.html]
[mcbeki.com/upload/bcrumbs/1543117032.jpg]
[mcbeki.com/contact.html]
[mcbeki.com/upload/portfolio/Strongbow Apple cider (Nigerian Breweries)/1545045084.mp4]
[mcbeki.com/single/19.html]
[mcbeki.com/upload/portfolio/The Audition Africa/1548627372.TAA banner for web.jpg]
[mcbeki.com/single/22.html]
[mcbeki.com/upload/portfolio/Grand Cornflakes/1543178151.mp4]
[mcbeki.com/upload/portfolio/Grand Cornflakes/1543178151.GRAND (got bowl) YELLOW.jpg]
[mcbeki.com/upload/portfolio/Grand Cornflakes/1543178151.GRAND (got spoon) yellow.jpg]
[mcbeki.com/single/24.html]
[mcbeki.com/upload/portfolio/IDENTITY/1543246629.IDENTITY.jpg]
[mcbeki.com/upload/portfolio/IDENTITY/1543246629.tribe.jpg]
[mcbeki.com/single/26.html]
[mcbeki.com/upload/portfolio/Jolie/1543403231.mp4]
[mcbeki.com/upload/portfolio/Jolie/1543403231.5.png]
[mcbeki.com/upload/portfolio/Jolie/1543403231.8.png]
[mcbeki.com/upload/portfolio/Jolie/1543403231.become a make up artist - Copy.png]
[mcbeki.com/upload/portfolio/Jolie/1543403231.become a make up artist - Copy2.png]
[mcbeki.com/upload/portfolio/Jolie/1543403231.FINALE REQUEST.png]
[mcbeki.com/upload/portfolio/Jolie/1543403231.GOLD SPLASH.gif]
[mcbeki.com/upload/portfolio/Jolie/1543403231.RED SPLASH.gif]
[mcbeki.com/single/29.html]
[mcbeki.com/upload/portfolio/You Belong Here/1543404043.BACK22.png]
[mcbeki.com/upload/portfolio/You Belong Here/1543404043.growth.png]
[mcbeki.com/upload/portfolio/You Belong Here/1543404043.MOCK UP.jpg]
[mcbeki.com/upload/portfolio/You Belong Here/1543404043.REVISITED4.png]
[mcbeki.com/upload/portfolio/You Belong Here/1543404043.youbelong here 2 - Copy-Recovered.png]
[mcbeki.com/single/30.html]
[mcbeki.com/upload/portfolio/Robinson Souttar/1543406734.mp4]
[mcbeki.com/upload/portfolio/Robinson Souttar/1543406734.2.png]
[mcbeki.com/upload/portfolio/Robinson Souttar/1543406734.3.png]
[mcbeki.com/upload/portfolio/Robinson Souttar/1543406734.4.png]
[mcbeki.com/upload/portfolio/Robinson Souttar/1543406734.5.png]
[mcbeki.com/upload/portfolio/Robinson Souttar/1543406734.7.png]
[mcbeki.com/upload/portfolio/Robinson Souttar/1543406734.8.png]
[mcbeki.com/upload/portfolio/Robinson Souttar/1543406734.cold.png]
[mcbeki.com/single/31.html]
[mcbeki.com/upload/portfolio/MTN Ad/1546975089.attractive-personality-(SQUARE).jpg]
[mcbeki.com/upload/portfolio/MTN Ad/1546975089.BILLIONAIRE-CLUB-(SQUARE).jpg]
[mcbeki.com/upload/portfolio/MTN Ad/1546975089.english-and-idoms-(SQUARE).jpg]
[mcbeki.com/upload/portfolio/MTN Ad/1546975089.explore-africa-(SQUARE).jpg]
[mcbeki.com/upload/portfolio/MTN Ad/1546975089.insta-trend-(SQUARE).jpg]
[mcbeki.com/upload/portfolio/MTN Ad/1546975089.lengendary (SQUARE).jpg]
[mcbeki.com/single/33.html]
[mcbeki.com/main/css/bootstrap.min.css]
[mcbeki.com/main/css/animate.css]
[mcbeki.com/main/css/owl.carousel.css]
[mcbeki.com/main/css/magnific-popup.css]
[mcbeki.com/main/fonts/fontawesome-webfont3e6e.eot]
[mcbeki.com/main/fonts/fontawesome-webfontd41d.eot]
[mcbeki.com/main/fonts/fontawesome-webfont3e6e.woff]
[mcbeki.com/main/fonts/fontawesome-webfont3e6e.ttf]
[mcbeki.com/main/css/font-awesome.min.css]
[mcbeki.com/main/fonts/themify9f24.eot]
[mcbeki.com/main/fonts/themifyd41d.eot]
[mcbeki.com/main/fonts/themify9f24.woff]
[mcbeki.com/main/fonts/themify9f24.ttf]
[mcbeki.com/main/css/themify-icons.css]
[mcbeki.com/backend/fonts/feather6cfa.svg]
[mcbeki.com/upload/portfolio/Strongboe Apple cider (Nigerian Breweries.html]
[mcbeki.com/main/css/owl.video.play.html]
[mcbeki.com/main/fonts/fontawesome-webfont3e6e.html]
[mcbeki.com/main/fonts/fontawesome-webfont3e6e.svg]
[mcbeki.com/main/fonts/themify9f24.svg]
